error: loc("test/Translate/Ops/annotations.p4":115:8): Unsupported operation 'p4hir.for' in common statement context: 
note: loc("test/Translate/Ops/annotations.p4":115:8): see current operation: 
"p4hir.for"() <{annotations = {unroll}}> ({
  %6 = "p4hir.const"() <{value = #p4hir.int<10> : !p4hir.infint}> : () -> !p4hir.infint
  %7 = "p4hir.cast"(%6) : (!p4hir.infint) -> !p4hir.bit<8>
  %8 = "p4hir.read"(%2) : (!p4hir.ref<!p4hir.bit<8>>) -> !p4hir.bit<8>
  %9 = "p4hir.cmp"(%8, %7) <{kind = 1 : i32}> : (!p4hir.bit<8>, !p4hir.bit<8>) -> !p4hir.bool
  "p4hir.condition"(%9) : (!p4hir.bool) -> ()
}, {
  "p4hir.yield"() : () -> ()
}, {
  %3 = "p4hir.const"() <{value = #p4hir.int<1> : !p4hir.bit<8>}> : () -> !p4hir.bit<8>
  %4 = "p4hir.read"(%2) : (!p4hir.ref<!p4hir.bit<8>>) -> !p4hir.bit<8>
  %5 = "p4hir.binop"(%4, %3) <{kind = 4 : i32}> : (!p4hir.bit<8>, !p4hir.bit<8>) -> !p4hir.bit<8>
  "p4hir.assign"(%5, %2) : (!p4hir.bit<8>, !p4hir.ref<!p4hir.bit<8>>) -> ()
  "p4hir.yield"() : () -> ()
}) : () -> ()
  99 | }
