action bit_add_bit(in bit<10> lhs, in bit<10> rhs, out bit<10> res) {
    res = (lhs + rhs);
    return;
}

action int_add_int(in int<10> lhs, in int<10> rhs, out int<10> res) {
    res = (lhs + rhs);
    return;
}

action bit_sub_bit(in bit<10> lhs, in bit<10> rhs, out bit<10> res) {
    res = (lhs - rhs);
    return;
}

action int_sub_int(in int<10> lhs, in int<10> rhs, out int<10> res) {
    res = (lhs - rhs);
    return;
}

action bit_mul_bit(in bit<10> lhs, in bit<10> rhs, out bit<10> res) {
    res = (lhs * rhs);
    return;
}

action int_mul_int(in int<10> lhs, in int<10> rhs, out int<10> res) {
    res = (lhs * rhs);
    return;
}

action bit_mul_const(in bit<10> lhs, out bit<10> res) {
    res = (lhs * 10w2);
    return;
}

action const_mul_bit(in bit<10> rhs, out bit<10> res) {
    res = (10w2 * rhs);
    return;
}

action int_mul_const(in int<10> lhs, out int<10> res) {
    res = (lhs * 10s2);
    return;
}

action const_mul_int(in int<10> rhs, out int<10> res) {
    res = (10s2 * rhs);
    return;
}

action bit_mul_the_same_bit(in bit<10> same, out bit<10> res) {
    res = (same * same);
    return;
}

action int_mul_the_same_int(in int<10> same, out int<10> res) {
    res = (same * same);
    return;
}

action bit_div_bit(in bit<10> lhs, in bit<10> rhs, out bit<10> res) {
    res = (lhs / rhs);
    return;
}

action bit_mod_bit(in bit<10> lhs, in bit<10> rhs, out bit<10> res) {
    res = (lhs % rhs);
    return;
}

action bit_sadd_bit(in bit<10> lhs, in bit<10> rhs, out bit<10> res) {
    res = (lhs |+| rhs);
    return;
}

action int_sadd_int(in int<10> lhs, in int<10> rhs, out int<10> res) {
    res = (lhs |+| rhs);
    return;
}

action bit_ssub_bit(in bit<10> lhs, in bit<10> rhs, out bit<10> res) {
    res = (lhs |-| rhs);
    return;
}

action int_ssub_int(in int<10> lhs, in int<10> rhs, out int<10> res) {
    res = (lhs |-| rhs);
    return;
}

action bit_or_bit(in bit<10> lhs, in bit<10> rhs, out bit<10> res) {
    res = (lhs | rhs);
    return;
}

action int_or_int(in int<10> lhs, in int<10> rhs, out int<10> res) {
    res = (lhs | rhs);
    return;
}

action bit_and_bit(in bit<10> lhs, in bit<10> rhs, out bit<10> res) {
    res = (lhs & rhs);
    return;
}

action int_and_int(in int<10> lhs, in int<10> rhs, out int<10> res) {
    res = (lhs & rhs);
    return;
}

action bit_xor_bit(in bit<10> lhs, in bit<10> rhs, out bit<10> res) {
    res = (lhs ^ rhs);
    return;
}

action int_xor_int(in int<10> lhs, in int<10> rhs, out int<10> res) {
    res = (lhs ^ rhs);
    return;
}

action complex_sequence(in bit<10> lhs, in bit<10> rhs, out bit<10> res) {
    res = ((lhs + (rhs * 10w3)) + (10w2 - rhs));
    return;
}

