match_kind {
    exact,
    ternary,
    lpm
}

header H1 {
    bit<8> f;
}
header H2 {
    bit<16> g;
}
header_union U {
    H1 h1;
    H2 h2;
}
action header_union_isValid() {
    U u;

    return;
}

action header_setValid() {
    U u;

    u.h2.setInvalid();
    u.h1.setValid();
    return;
}

action header_setInvalid() {
    U u;

    u.h1.setInvalid();
    u.h2.setInvalid();
    return;
}

action assign_header() {
    U u;
    H1 h;

    u.h1.setInvalid();
    u.h2.setInvalid();
    u.h1 = h;
    return;
}

action assign_tuple() {
    U u;

    u.h1.setInvalid();
    u.h2.setInvalid();
    u.h1 = (H1) {f = 8w42};
    return;
}

action assign_invalid_header() {
    U u;

    u.h1.setInvalid();
    u.h2.setInvalid();
    return;
}

action assign_header_union() {
    U u1;
    U u2;

    u2 = u1;
    return;
}

action init_with_invalid_header_union() {
    U u;

    u.h1.setInvalid();
    u.h2.setInvalid();
    return;
}

action assign_invalid_header_union() {
    U u;

    u.h1.setInvalid();
    u.h2.setInvalid();
    return;
}

action get_header() {
    U u;
    H1 h2;

    h2 = u.h1;
    return;
}

action equ_header_unions() {
    U u1;
    U u2;

    return;
}

action neq_header_unions() {
    U u1;
    U u2;

    return;
}

action equ_with_invalid_header_union() {
    U u;

    return;
}

action neq_with_invalid_header_union() {
    U u;

    return;
}

