extern packet_in {
    void extract(out T hdr);
    void extract(out T variableSizeHeader, in bit<32> variableFieldSizeInBits);
    T lookahead();
    void advance(in bit<32> sizeInBits);
    bit<32> length();
}

extern packet_out {
    void emit(in T hdr);
}

control c() {
    apply {
    }
}
control e();
package top(e _e);
top(c()) main;

