error: loc(unknown): Unsupported P4HIR type for P4 top-level declaration: '!p4hir.ser_enum<"EthTypes", !p4hir.bit<16>, ARP : #p4hir.int<2054> : !p4hir.bit<16>, EtherTalk : #p4hir.int<32923> : !p4hir.bit<16>, IPX : #p4hir.int<33079> : !p4hir.bit<16>, IPv4 : #p4hir.int<2048> : !p4hir.bit<16>, IPv6 : #p4hir.int<34525> : !p4hir.bit<16>, RARP : #p4hir.int<32821> : !p4hir.bit<16>, VLAN : #p4hir.int<33024> : !p4hir.bit<16>>'
