match_kind {
    exact,
    ternary,
    lpm
}

action foo(in bit<32> a, inout int<8> c) {
    bit<2> b = a[10:8][2:1];
    bit<7> d = c[7:1];
    bit<2> f = 2w2;
    bit<8> n;
    bit<8> m;
    bit<8> x;

    n[7:4] = 4w0;
    m[7:4] = (bit<4>)(4w10);
    m[7:5] = 3w0;
    x[5:5] = 1w0;
    return;
}

